../Core/Src/main.c:156:5:main	8	static
../Core/Src/main.c:278:6:SystemClock_Config	88	static
../Core/Src/main.c:325:13:MX_ADC1_Init	56	static
../Core/Src/main.c:412:13:MX_TIM1_Init	104	static
../Core/Src/main.c:501:13:MX_TIM3_Init	56	static
../Core/Src/main.c:548:13:MX_DMA_Init	16	static
../Core/Src/main.c:567:13:MX_GPIO_Init	24	static
../Core/Src/main.c:594:6:StartPotent	16	static
../Core/Src/main.c:614:6:StartFOC	64	static,ignoring_inline_asm
../Core/Src/main.c:737:6:HAL_TIM_PeriodElapsedCallback	16	static
../Core/Src/main.c:756:6:Error_Handler	4	static,ignoring_inline_asm
