../Core/Src/main.c:142:5:main	8	static
../Core/Src/main.c:265:6:SystemClock_Config	88	static
../Core/Src/main.c:312:13:MX_ADC1_Init	56	static
../Core/Src/main.c:399:13:MX_TIM1_Init	104	static
../Core/Src/main.c:479:13:MX_TIM3_Init	56	static
../Core/Src/main.c:538:13:MX_DMA_Init	16	static
../Core/Src/main.c:560:13:MX_GPIO_Init	24	static
../Core/Src/main.c:587:6:StartPotent	16	static
../Core/Src/main.c:607:6:StartSVPWM	16	static
../Core/Src/main.c:626:6:StartSensors	16	static
../Core/Src/main.c:651:6:StartFOC	48	static
../Core/Src/main.c:686:6:HAL_TIM_PeriodElapsedCallback	16	static
../Core/Src/main.c:707:6:Error_Handler	4	static,ignoring_inline_asm
